GENERATION_REGISTRY_BENCHMARK,version=1
TREE,hash=743c2b467041994cc64dbcc2714a8952fe406f1e,kind=real-public-api
HOST,name=Colleen,kernel=6.17.0-41-generic,arch=x86_64,cpu=12th Gen Intel(R) Core(TM) i5-12450H,filesystem=ext,fs_magic=0xef53
AFFINITY,pinned=true,foreground_cpus=1;3;5;7,gc_cpu=9,process_cpus=1;3;5;7;9
TOPOLOGY,cpu=1,thread_siblings_list=0-1
TOPOLOGY,cpu=3,thread_siblings_list=2-3
TOPOLOGY,cpu=5,thread_siblings_list=4-5
TOPOLOGY,cpu=7,thread_siblings_list=6-7
TOPOLOGY,cpu=9,thread_siblings_list=9
ASSIGNMENT,role=foreground,worker=0,cpu=1
ASSIGNMENT,role=foreground,worker=1,cpu=3
ASSIGNMENT,role=foreground,worker=2,cpu=5
ASSIGNMENT,role=foreground,worker=3,cpu=7
ASSIGNMENT,role=gc,worker=0,cpu=9
CONFIG,threads=1;2;4,repetitions=7,warmup=128,iterations=200000,gc_min_iterations=100000,gc_threads=1,min_gc_cycles=20,threshold_us=1000,synthetic_delay_us=250,seed=25228,aa=true
SYNTHETIC,wrapped=fsync|rename|unlink|rmdir|readlink|lstat|link|symlink,scope=inside-run_generation_gc_locked
GC_WINDOW,stop=minimum-iterations-and-minimum-cycles,timeout_seconds=30
GC_LOCK_DUTY_CYCLE,status=not-measurable,reason=public-api-does-not-expose-lock-hold-intervals
METRIC,max_ns=informational
LATENCY_POPULATION,recorded=every-measured-operation,warmup=excluded,pooled=primary-repetitions
MIXED,skipped,reason=public-api-no-shard-placement
SELF_CHECK,registry_empty=inferred-from-balanced-public-lifecycle,victims=retired,owned_files=removed
CSV_BEGIN
workload,io_mode,threads,gc_threads,repetitions,operations,median_ops_per_sec,min_ops_per_sec,max_ops_per_sec,median_per_thread_ops_per_sec,p50_ns,p99_ns,p999_ns,max_ns,median_rep_delayed_fraction,delayed_total,pooled_operations,pooled_delayed_fraction,delayed_per_gc_cycle,gc_median_cycles_per_sec,gc_min_cycles,aa_median_spread_pct,aa_max_spread_pct,noise_floor_pct,win_gate,self_check
control,none,1,0,7,200000,3990933.796,3976417.221,4037491.663,3990933.796,214,269,356,296602,0.000000000,0,1400000,0.000000000,0.000000000,0.000,0,0.419149,0.974988,0.974988,aa-reference,pass
control,none,2,0,7,400000,7902063.094,7813401.288,7952563.436,3951031.547,214,291,392,329957,0.000000000,0,2800000,0.000000000,0.000000000,0.000,0,0.606278,2.972252,2.972252,aa-reference,pass
control,none,4,0,7,800000,15806267.323,14445847.277,15963727.219,3951566.831,214,293,384,242291,0.000000000,0,5600000,0.000000000,0.000000000,0.000,0,0.665521,9.446365,9.446365,aa-reference,pass
scalability,none,1,0,7,200000,726641.912,708801.514,731215.679,726641.912,1319,1894,5727,332864,0.000000000,0,1400000,0.000000000,0.000000000,0.000,0,1.017119,2.828116,2.828116,aa-reference,pass
scalability,none,2,0,7,400000,1354901.073,1345366.289,1356723.058,677450.537,1375,1949,5513,342848,0.000000000,0,2800000,0.000000000,0.000000000,0.000,0,0.528753,1.612401,1.612401,aa-reference,pass
scalability,none,4,0,7,800000,2670461.464,2625251.961,2687339.555,667615.366,1371,2068,5239,278189,0.000000000,0,5600000,0.000000000,0.000000000,0.000,0,1.072400,4.351304,4.351304,aa-reference,pass
hot-path,none,1,0,7,200000,736967.932,732920.385,742609.843,736967.932,1299,1907,5727,292663,0.000000000,0,1400000,0.000000000,0.000000000,0.000,0,0.204361,1.185531,1.185531,aa-reference,pass
hot-path,none,2,0,7,400000,567196.401,564630.811,571638.077,283598.201,1315,21218,41208,358872,0.000000000,0,2800000,0.000000000,0.000000000,0.000,0,1.325708,2.217096,2.217096,aa-reference,pass
hot-path,none,4,0,7,800000,444171.480,438854.302,451830.588,111042.870,8910,37026,194291,6262573,0.000026250,209,5600000,0.000037321,0.000000000,0.000,0,0.659526,3.088049,3.088049,aa-reference,pass
gc-interference,real,1,1,7,430969,2393721.932,2381679.938,2437938.131,2393721.932,373,532,757,274806,0.000000000,0,2999539,0.000000000,0.000000000,109.638,21,0.483557,3.704309,3.704309,aa-reference,pass
gc-interference,real,2,1,7,816959,4642497.912,4616695.547,4736385.854,2321248.956,386,560,765,274538,0.000000000,0,5635733,0.000000000,0.000000000,114.240,21,1.080355,1.394394,1.394394,aa-reference,pass
gc-interference,real,4,1,7,1124501,6126084.542,6067335.592,6210013.094,1531521.136,387,2262,3582,245233,0.000000000,0,8015394,0.000000000,0.000000000,106.705,21,0.730294,1.516062,1.516062,aa-reference,pass
gc-interference,synthetic-delay,1,1,7,695368,2343098.418,2328614.932,2359889.302,2343098.418,388,555,781,280044,0.000000000,0,4880571,0.000000000,0.000000000,66.967,21,0.319443,1.684525,1.684525,aa-reference,pass
gc-interference,synthetic-delay,2,1,7,1390725,4716838.220,4681935.550,4781707.245,2358419.110,385,550,747,289336,0.000000000,0,9738041,0.000000000,0.000000000,67.267,21,0.508155,1.754268,1.754268,aa-reference,pass
gc-interference,synthetic-delay,4,1,7,1941254,6211160.144,6066834.759,6310098.772,1552790.036,387,2287,3635,273809,0.000000000,0,13590478,0.000000000,0.000000000,63.538,21,0.558658,2.028291,2.028291,aa-reference,pass
CSV_END
SUMMARY_BEGIN
Medians with throughput spread [min,max]:
control          none              1       3990934 [     3976417,     4037492] p50=      214ns p99=      269ns p99.9=      356ns max_info=   296602ns pooled_delayed=0.000000000 delayed_total=0 delayed_per_gc_cycle=0.000000000 gc=     0.0/s A/Amax=   0.97%
control          none              2       7902063 [     7813401,     7952563] p50=      214ns p99=      291ns p99.9=      392ns max_info=   329957ns pooled_delayed=0.000000000 delayed_total=0 delayed_per_gc_cycle=0.000000000 gc=     0.0/s A/Amax=   2.97%
control          none              4      15806267 [    14445847,    15963727] p50=      214ns p99=      293ns p99.9=      384ns max_info=   242291ns pooled_delayed=0.000000000 delayed_total=0 delayed_per_gc_cycle=0.000000000 gc=     0.0/s A/Amax=   9.45%
scalability      none              1        726642 [      708802,      731216] p50=     1319ns p99=     1894ns p99.9=     5727ns max_info=   332864ns pooled_delayed=0.000000000 delayed_total=0 delayed_per_gc_cycle=0.000000000 gc=     0.0/s A/Amax=   2.83%
scalability      none              2       1354901 [     1345366,     1356723] p50=     1375ns p99=     1949ns p99.9=     5513ns max_info=   342848ns pooled_delayed=0.000000000 delayed_total=0 delayed_per_gc_cycle=0.000000000 gc=     0.0/s A/Amax=   1.61%
scalability      none              4       2670461 [     2625252,     2687340] p50=     1371ns p99=     2068ns p99.9=     5239ns max_info=   278189ns pooled_delayed=0.000000000 delayed_total=0 delayed_per_gc_cycle=0.000000000 gc=     0.0/s A/Amax=   4.35%
hot-path         none              1        736968 [      732920,      742610] p50=     1299ns p99=     1907ns p99.9=     5727ns max_info=   292663ns pooled_delayed=0.000000000 delayed_total=0 delayed_per_gc_cycle=0.000000000 gc=     0.0/s A/Amax=   1.19%
hot-path         none              2        567196 [      564631,      571638] p50=     1315ns p99=    21218ns p99.9=    41208ns max_info=   358872ns pooled_delayed=0.000000000 delayed_total=0 delayed_per_gc_cycle=0.000000000 gc=     0.0/s A/Amax=   2.22%
hot-path         none              4        444171 [      438854,      451831] p50=     8910ns p99=    37026ns p99.9=   194291ns max_info=  6262573ns pooled_delayed=0.000037321 delayed_total=209 delayed_per_gc_cycle=0.000000000 gc=     0.0/s A/Amax=   3.09%
gc-interference  real              1       2393722 [     2381680,     2437938] p50=      373ns p99=      532ns p99.9=      757ns max_info=   274806ns pooled_delayed=0.000000000 delayed_total=0 delayed_per_gc_cycle=0.000000000 gc=   109.6/s A/Amax=   3.70%
gc-interference  real              2       4642498 [     4616696,     4736386] p50=      386ns p99=      560ns p99.9=      765ns max_info=   274538ns pooled_delayed=0.000000000 delayed_total=0 delayed_per_gc_cycle=0.000000000 gc=   114.2/s A/Amax=   1.39%
gc-interference  real              4       6126085 [     6067336,     6210013] p50=      387ns p99=     2262ns p99.9=     3582ns max_info=   245233ns pooled_delayed=0.000000000 delayed_total=0 delayed_per_gc_cycle=0.000000000 gc=   106.7/s A/Amax=   1.52%
gc-interference  synthetic-delay   1       2343098 [     2328615,     2359889] p50=      388ns p99=      555ns p99.9=      781ns max_info=   280044ns pooled_delayed=0.000000000 delayed_total=0 delayed_per_gc_cycle=0.000000000 gc=    67.0/s A/Amax=   1.68%
gc-interference  synthetic-delay   2       4716838 [     4681936,     4781707] p50=      385ns p99=      550ns p99.9=      747ns max_info=   289336ns pooled_delayed=0.000000000 delayed_total=0 delayed_per_gc_cycle=0.000000000 gc=    67.3/s A/Amax=   1.75%
gc-interference  synthetic-delay   4       6211160 [     6066835,     6310099] p50=      387ns p99=     2287ns p99.9=     3635ns max_info=   273809ns pooled_delayed=0.000000000 delayed_total=0 delayed_per_gc_cycle=0.000000000 gc=    63.5/s A/Amax=   2.03%
Rule: do not report a difference as a win unless it exceeds the observed A/A spread.
SUMMARY_END
