GENERATION_REGISTRY_BENCHMARK,version=1
TREE,hash=7f8f335b7a00fc4d928475fa9d947d3a3187b00a,kind=real-public-api
HOST,name=Colleen,kernel=6.17.0-41-generic,arch=x86_64,cpu=12th Gen Intel(R) Core(TM) i5-12450H,filesystem=ext,fs_magic=0xef53
AFFINITY,pinned=true,foreground_cpus=1;3;5;7,gc_cpu=9,process_cpus=1;3;5;7;9
TOPOLOGY,cpu=1,thread_siblings_list=0-1
TOPOLOGY,cpu=3,thread_siblings_list=2-3
TOPOLOGY,cpu=5,thread_siblings_list=4-5
TOPOLOGY,cpu=7,thread_siblings_list=6-7
TOPOLOGY,cpu=9,thread_siblings_list=9
ASSIGNMENT,role=foreground,worker=0,cpu=1
ASSIGNMENT,role=foreground,worker=1,cpu=3
ASSIGNMENT,role=foreground,worker=2,cpu=5
ASSIGNMENT,role=foreground,worker=3,cpu=7
ASSIGNMENT,role=gc,worker=0,cpu=9
CONFIG,threads=1;2;4,repetitions=7,warmup=128,iterations=200000,gc_min_iterations=100000,gc_threads=1,min_gc_cycles=20,threshold_us=1000,synthetic_delay_us=250,seed=25228,aa=false
SYNTHETIC,wrapped=fsync|rename|unlink|rmdir|readlink|lstat|link|symlink,scope=inside-run_generation_gc_locked
GC_WINDOW,stop=minimum-iterations-and-minimum-cycles,timeout_seconds=30
GC_LOCK_DUTY_CYCLE,status=not-measurable,reason=public-api-does-not-expose-lock-hold-intervals
METRIC,max_ns=informational
LATENCY_POPULATION,recorded=every-measured-operation,warmup=excluded,pooled=primary-repetitions
MIXED,skipped,reason=public-api-no-shard-placement
SELF_CHECK,registry_empty=inferred-from-balanced-public-lifecycle,victims=retired,owned_files=removed
CSV_BEGIN
workload,io_mode,threads,gc_threads,repetitions,operations,median_ops_per_sec,min_ops_per_sec,max_ops_per_sec,median_per_thread_ops_per_sec,p50_ns,p99_ns,p999_ns,max_ns,median_rep_delayed_fraction,delayed_total,pooled_operations,pooled_delayed_fraction,delayed_per_gc_cycle,gc_median_cycles_per_sec,gc_min_cycles,aa_median_spread_pct,aa_max_spread_pct,noise_floor_pct,win_gate,self_check
control,none,1,0,7,200000,3997026.612,3976126.857,4030795.032,3997026.612,214,268,337,257658,0.000000000,0,1400000,0.000000000,0.000000000,0.000,0,0.000000,0.000000,0.000000,unavailable,pass
control,none,2,0,7,400000,7982574.200,7722405.471,8019798.637,3991287.100,214,294,389,15164,0.000000000,0,2800000,0.000000000,0.000000000,0.000,0,0.000000,0.000000,0.000000,unavailable,pass
control,none,4,0,7,800000,15403554.944,14697141.606,15579568.214,3850888.736,214,395,463,216741,0.000000000,0,5600000,0.000000000,0.000000000,0.000,0,0.000000,0.000000,0.000000,unavailable,pass
scalability,none,1,0,7,200000,764058.502,740664.513,765023.312,764058.502,1257,1800,5509,276268,0.000000000,0,1400000,0.000000000,0.000000000,0.000,0,0.000000,0.000000,0.000000,unavailable,pass
scalability,none,2,0,7,400000,507407.374,495513.479,537420.074,253703.687,2510,16895,28193,330798,0.000000000,0,2800000,0.000000000,0.000000000,0.000,0,0.000000,0.000000,0.000000,unavailable,pass
scalability,none,4,0,7,800000,446372.250,439837.776,454059.492,111593.062,7517,30230,44309,872958,0.000000000,0,5600000,0.000000000,0.000000000,0.000,0,0.000000,0.000000,0.000000,unavailable,pass
hot-path,none,1,0,7,200000,768485.374,751561.320,775091.453,768485.374,1245,1819,5618,300786,0.000000000,0,1400000,0.000000000,0.000000000,0.000,0,0.000000,0.000000,0.000000,unavailable,pass
hot-path,none,2,0,7,400000,588436.551,569236.516,590958.587,294218.275,1566,18014,32415,414997,0.000000000,0,2800000,0.000000000,0.000000000,0.000,0,0.000000,0.000000,0.000000,unavailable,pass
hot-path,none,4,0,7,800000,465889.761,459591.636,466782.701,116472.440,8404,36640,160985,2375276,0.000017500,81,5600000,0.000014464,0.000000000,0.000,0,0.000000,0.000000,0.000000,unavailable,pass
gc-interference,real,1,1,7,277941,1599362.208,1492469.277,1640921.939,1599362.208,383,591,859,13018968,0.000071958,140,1950826,0.000071764,0.952380952,113.454,21,0.000000,0.000000,0.000000,unavailable,pass
gc-interference,real,2,1,7,430356,2478117.652,2435695.413,2511639.594,1239058.826,482,1198,2087,4239656,0.000092946,280,3011800,0.000092968,1.904761905,114.138,21,0.000000,0.000000,0.000000,unavailable,pass
gc-interference,real,4,1,7,410564,1676734.457,1592903.645,1729633.433,419183.614,976,4928,11274,10210730,0.000230674,664,2880438,0.000230520,3.287128713,112.392,28,0.000000,0.000000,0.000000,unavailable,pass
gc-interference,synthetic-delay,1,1,7,293102,985339.337,901643.572,1041842.579,985339.337,369,534,776,10950197,0.000068236,140,2071432,0.000067586,0.952380952,66.095,21,0.000000,0.000000,0.000000,unavailable,pass
gc-interference,synthetic-delay,2,1,7,450009,1507909.765,1446086.077,1557612.823,753954.883,459,1220,2107,16219677,0.000088887,280,3169855,0.000088332,1.904761905,66.210,21,0.000000,0.000000,0.000000,unavailable,pass
gc-interference,synthetic-delay,4,1,7,416403,994342.327,948065.142,1034966.661,248585.582,1004,5125,11901,18860083,0.000225743,662,2908335,0.000227622,3.343434343,64.838,28,0.000000,0.000000,0.000000,unavailable,pass
CSV_END
SUMMARY_BEGIN
Medians with throughput spread [min,max]:
control          none              1       3997027 [     3976127,     4030795] p50=      214ns p99=      268ns p99.9=      337ns max_info=   257658ns pooled_delayed=0.000000000 delayed_total=0 delayed_per_gc_cycle=0.000000000 gc=     0.0/s A/Amax=   0.00%
control          none              2       7982574 [     7722405,     8019799] p50=      214ns p99=      294ns p99.9=      389ns max_info=    15164ns pooled_delayed=0.000000000 delayed_total=0 delayed_per_gc_cycle=0.000000000 gc=     0.0/s A/Amax=   0.00%
control          none              4      15403555 [    14697142,    15579568] p50=      214ns p99=      395ns p99.9=      463ns max_info=   216741ns pooled_delayed=0.000000000 delayed_total=0 delayed_per_gc_cycle=0.000000000 gc=     0.0/s A/Amax=   0.00%
scalability      none              1        764059 [      740665,      765023] p50=     1257ns p99=     1800ns p99.9=     5509ns max_info=   276268ns pooled_delayed=0.000000000 delayed_total=0 delayed_per_gc_cycle=0.000000000 gc=     0.0/s A/Amax=   0.00%
scalability      none              2        507407 [      495513,      537420] p50=     2510ns p99=    16895ns p99.9=    28193ns max_info=   330798ns pooled_delayed=0.000000000 delayed_total=0 delayed_per_gc_cycle=0.000000000 gc=     0.0/s A/Amax=   0.00%
scalability      none              4        446372 [      439838,      454059] p50=     7517ns p99=    30230ns p99.9=    44309ns max_info=   872958ns pooled_delayed=0.000000000 delayed_total=0 delayed_per_gc_cycle=0.000000000 gc=     0.0/s A/Amax=   0.00%
hot-path         none              1        768485 [      751561,      775091] p50=     1245ns p99=     1819ns p99.9=     5618ns max_info=   300786ns pooled_delayed=0.000000000 delayed_total=0 delayed_per_gc_cycle=0.000000000 gc=     0.0/s A/Amax=   0.00%
hot-path         none              2        588437 [      569237,      590959] p50=     1566ns p99=    18014ns p99.9=    32415ns max_info=   414997ns pooled_delayed=0.000000000 delayed_total=0 delayed_per_gc_cycle=0.000000000 gc=     0.0/s A/Amax=   0.00%
hot-path         none              4        465890 [      459592,      466783] p50=     8404ns p99=    36640ns p99.9=   160985ns max_info=  2375276ns pooled_delayed=0.000014464 delayed_total=81 delayed_per_gc_cycle=0.000000000 gc=     0.0/s A/Amax=   0.00%
gc-interference  real              1       1599362 [     1492469,     1640922] p50=      383ns p99=      591ns p99.9=      859ns max_info= 13018968ns pooled_delayed=0.000071764 delayed_total=140 delayed_per_gc_cycle=0.952380952 gc=   113.5/s A/Amax=   0.00%
gc-interference  real              2       2478118 [     2435695,     2511640] p50=      482ns p99=     1198ns p99.9=     2087ns max_info=  4239656ns pooled_delayed=0.000092968 delayed_total=280 delayed_per_gc_cycle=1.904761905 gc=   114.1/s A/Amax=   0.00%
gc-interference  real              4       1676734 [     1592904,     1729633] p50=      976ns p99=     4928ns p99.9=    11274ns max_info= 10210730ns pooled_delayed=0.000230520 delayed_total=664 delayed_per_gc_cycle=3.287128713 gc=   112.4/s A/Amax=   0.00%
gc-interference  synthetic-delay   1        985339 [      901644,     1041843] p50=      369ns p99=      534ns p99.9=      776ns max_info= 10950197ns pooled_delayed=0.000067586 delayed_total=140 delayed_per_gc_cycle=0.952380952 gc=    66.1/s A/Amax=   0.00%
gc-interference  synthetic-delay   2       1507910 [     1446086,     1557613] p50=      459ns p99=     1220ns p99.9=     2107ns max_info= 16219677ns pooled_delayed=0.000088332 delayed_total=280 delayed_per_gc_cycle=1.904761905 gc=    66.2/s A/Amax=   0.00%
gc-interference  synthetic-delay   4        994342 [      948065,     1034967] p50=     1004ns p99=     5125ns p99.9=    11901ns max_info= 18860083ns pooled_delayed=0.000227622 delayed_total=662 delayed_per_gc_cycle=3.343434343 gc=    64.8/s A/Amax=   0.00%
Rule: do not report a difference as a win unless it exceeds the observed A/A spread.
SUMMARY_END
