GENERATION_REGISTRY_BENCHMARK,version=1
TREE,hash=743c2b467041994cc64dbcc2714a8952fe406f1e,kind=real-public-api
HOST,name=Colleen,kernel=6.17.0-41-generic,arch=x86_64,cpu=12th Gen Intel(R) Core(TM) i5-12450H,filesystem=ext,fs_magic=0xef53
AFFINITY,pinned=true,foreground_cpus=0;2;4;6,gc_cpu=8,process_cpus=0;2;4;6;8
TOPOLOGY,cpu=0,thread_siblings_list=0-1
TOPOLOGY,cpu=2,thread_siblings_list=2-3
TOPOLOGY,cpu=4,thread_siblings_list=4-5
TOPOLOGY,cpu=6,thread_siblings_list=6-7
TOPOLOGY,cpu=8,thread_siblings_list=8
ASSIGNMENT,role=foreground,worker=0,cpu=0
ASSIGNMENT,role=foreground,worker=1,cpu=2
ASSIGNMENT,role=foreground,worker=2,cpu=4
ASSIGNMENT,role=foreground,worker=3,cpu=6
ASSIGNMENT,role=gc,worker=0,cpu=8
CONFIG,threads=1;2;4,repetitions=7,warmup=128,iterations=200000,gc_min_iterations=100000,gc_threads=1,min_gc_cycles=20,threshold_us=1000,synthetic_delay_us=250,seed=25228,aa=true
SYNTHETIC,wrapped=fsync|rename|unlink|rmdir|readlink|lstat|link|symlink,scope=inside-run_generation_gc_locked
GC_WINDOW,stop=minimum-iterations-and-minimum-cycles,timeout_seconds=30
GC_LOCK_DUTY_CYCLE,status=not-measurable,reason=public-api-does-not-expose-lock-hold-intervals
METRIC,max_ns=informational
LATENCY_POPULATION,recorded=every-measured-operation,warmup=excluded,pooled=primary-repetitions
MIXED,skipped,reason=public-api-no-shard-placement
SELF_CHECK,registry_empty=inferred-from-balanced-public-lifecycle,victims=retired,owned_files=removed
CSV_BEGIN
workload,io_mode,threads,gc_threads,repetitions,operations,median_ops_per_sec,min_ops_per_sec,max_ops_per_sec,median_per_thread_ops_per_sec,p50_ns,p99_ns,p999_ns,max_ns,median_rep_delayed_fraction,delayed_total,pooled_operations,pooled_delayed_fraction,delayed_per_gc_cycle,gc_median_cycles_per_sec,gc_min_cycles,aa_median_spread_pct,aa_max_spread_pct,noise_floor_pct,win_gate,self_check
control,none,1,0,7,200000,3986312.438,3983740.681,4051301.715,3986312.438,214,227,283,449018,0.000000000,0,1400000,0.000000000,0.000000000,0.000,0,0.282619,1.676907,1.676907,aa-reference,pass
control,none,2,0,7,400000,7882138.385,7861935.760,7904000.070,3941069.192,214,300,377,557671,0.000000000,0,2800000,0.000000000,0.000000000,0.000,0,0.293278,0.833861,0.833861,aa-reference,pass
control,none,4,0,7,800000,15650367.350,14617397.389,15711160.989,3912591.838,214,295,375,522463,0.000000000,0,5600000,0.000000000,0.000000000,0.000,0,1.061018,8.034759,8.034759,aa-reference,pass
scalability,none,1,0,7,200000,730480.263,697518.639,735417.038,730480.263,1311,1795,5611,585114,0.000000000,0,1400000,0.000000000,0.000000000,0.000,0,0.301925,3.738843,3.738843,aa-reference,pass
scalability,none,2,0,7,400000,1302152.345,1289278.618,1326713.524,651076.172,1372,2184,5907,658100,0.000000000,0,2800000,0.000000000,0.000000000,0.000,0,0.470728,2.830647,2.830647,aa-reference,pass
scalability,none,4,0,7,800000,2606605.914,2489038.787,2709593.841,651651.478,1370,2163,5282,556805,0.000000000,0,5600000,0.000000000,0.000000000,0.000,0,1.623993,4.482567,4.482567,aa-reference,pass
hot-path,none,1,0,7,200000,727252.901,707659.424,727714.217,727252.901,1292,2034,5522,611920,0.000000000,0,1400000,0.000000000,0.000000000,0.000,0,0.254971,3.036863,3.036863,aa-reference,pass
hot-path,none,2,0,7,400000,567607.239,555947.733,580177.526,283803.620,1301,21538,42843,2168913,0.000002500,12,2800000,0.000004286,0.000000000,0.000,0,2.979970,5.244511,5.244511,aa-reference,pass
hot-path,none,4,0,7,800000,444027.650,438857.955,448511.139,111006.912,8904,39842,287167,3670460,0.000053750,360,5600000,0.000064286,0.000000000,0.000,0,0.484459,1.139475,1.139475,aa-reference,pass
gc-interference,real,1,1,7,411811,2328121.760,2211108.378,2383489.101,2328121.760,388,555,744,466286,0.000000000,0,2883493,0.000000000,0.000000000,110.991,21,1.861165,10.532351,10.532351,aa-reference,pass
gc-interference,real,2,1,7,791134,4655147.881,4513651.090,4696882.768,2327573.940,385,571,752,498864,0.000000000,0,5561150,0.000000000,0.000000000,117.029,21,0.607613,4.606324,4.606324,aa-reference,pass
gc-interference,real,4,1,7,1085488,6234605.742,5044062.861,6360361.518,1558651.435,374,2213,3449,641990,0.000000000,0,7789628,0.000000000,0.000000000,111.170,21,1.045099,22.058652,22.058652,aa-reference,pass
gc-interference,synthetic-delay,1,1,7,652188,2239204.930,2128331.168,2354685.137,2239204.930,374,603,803,513295,0.000000000,0,4645126,0.000000000,0.000000000,67.688,21,1.227621,8.746419,8.746419,aa-reference,pass
gc-interference,synthetic-delay,2,1,7,1377295,4727245.719,4639430.787,4769446.366,2363622.859,373,557,735,495233,0.000000000,0,9699645,0.000000000,0.000000000,67.870,21,0.462522,1.472987,1.472987,aa-reference,pass
gc-interference,synthetic-delay,4,1,7,1912247,6400733.200,6310046.374,6494395.796,1600183.300,374,2118,3050,505559,0.000000000,0,13484235,0.000000000,0.000000000,65.955,21,0.828761,1.852058,1.852058,aa-reference,pass
CSV_END
SUMMARY_BEGIN
Medians with throughput spread [min,max]:
control          none              1       3986312 [     3983741,     4051302] p50=      214ns p99=      227ns p99.9=      283ns max_info=   449018ns pooled_delayed=0.000000000 delayed_total=0 delayed_per_gc_cycle=0.000000000 gc=     0.0/s A/Amax=   1.68%
control          none              2       7882138 [     7861936,     7904000] p50=      214ns p99=      300ns p99.9=      377ns max_info=   557671ns pooled_delayed=0.000000000 delayed_total=0 delayed_per_gc_cycle=0.000000000 gc=     0.0/s A/Amax=   0.83%
control          none              4      15650367 [    14617397,    15711161] p50=      214ns p99=      295ns p99.9=      375ns max_info=   522463ns pooled_delayed=0.000000000 delayed_total=0 delayed_per_gc_cycle=0.000000000 gc=     0.0/s A/Amax=   8.03%
scalability      none              1        730480 [      697519,      735417] p50=     1311ns p99=     1795ns p99.9=     5611ns max_info=   585114ns pooled_delayed=0.000000000 delayed_total=0 delayed_per_gc_cycle=0.000000000 gc=     0.0/s A/Amax=   3.74%
scalability      none              2       1302152 [     1289279,     1326714] p50=     1372ns p99=     2184ns p99.9=     5907ns max_info=   658100ns pooled_delayed=0.000000000 delayed_total=0 delayed_per_gc_cycle=0.000000000 gc=     0.0/s A/Amax=   2.83%
scalability      none              4       2606606 [     2489039,     2709594] p50=     1370ns p99=     2163ns p99.9=     5282ns max_info=   556805ns pooled_delayed=0.000000000 delayed_total=0 delayed_per_gc_cycle=0.000000000 gc=     0.0/s A/Amax=   4.48%
hot-path         none              1        727253 [      707659,      727714] p50=     1292ns p99=     2034ns p99.9=     5522ns max_info=   611920ns pooled_delayed=0.000000000 delayed_total=0 delayed_per_gc_cycle=0.000000000 gc=     0.0/s A/Amax=   3.04%
hot-path         none              2        567607 [      555948,      580178] p50=     1301ns p99=    21538ns p99.9=    42843ns max_info=  2168913ns pooled_delayed=0.000004286 delayed_total=12 delayed_per_gc_cycle=0.000000000 gc=     0.0/s A/Amax=   5.24%
hot-path         none              4        444028 [      438858,      448511] p50=     8904ns p99=    39842ns p99.9=   287167ns max_info=  3670460ns pooled_delayed=0.000064286 delayed_total=360 delayed_per_gc_cycle=0.000000000 gc=     0.0/s A/Amax=   1.14%
gc-interference  real              1       2328122 [     2211108,     2383489] p50=      388ns p99=      555ns p99.9=      744ns max_info=   466286ns pooled_delayed=0.000000000 delayed_total=0 delayed_per_gc_cycle=0.000000000 gc=   111.0/s A/Amax=  10.53%
gc-interference  real              2       4655148 [     4513651,     4696883] p50=      385ns p99=      571ns p99.9=      752ns max_info=   498864ns pooled_delayed=0.000000000 delayed_total=0 delayed_per_gc_cycle=0.000000000 gc=   117.0/s A/Amax=   4.61%
gc-interference  real              4       6234606 [     5044063,     6360362] p50=      374ns p99=     2213ns p99.9=     3449ns max_info=   641990ns pooled_delayed=0.000000000 delayed_total=0 delayed_per_gc_cycle=0.000000000 gc=   111.2/s A/Amax=  22.06%
gc-interference  synthetic-delay   1       2239205 [     2128331,     2354685] p50=      374ns p99=      603ns p99.9=      803ns max_info=   513295ns pooled_delayed=0.000000000 delayed_total=0 delayed_per_gc_cycle=0.000000000 gc=    67.7/s A/Amax=   8.75%
gc-interference  synthetic-delay   2       4727246 [     4639431,     4769446] p50=      373ns p99=      557ns p99.9=      735ns max_info=   495233ns pooled_delayed=0.000000000 delayed_total=0 delayed_per_gc_cycle=0.000000000 gc=    67.9/s A/Amax=   1.47%
gc-interference  synthetic-delay   4       6400733 [     6310046,     6494396] p50=      374ns p99=     2118ns p99.9=     3050ns max_info=   505559ns pooled_delayed=0.000000000 delayed_total=0 delayed_per_gc_cycle=0.000000000 gc=    66.0/s A/Amax=   1.85%
Rule: do not report a difference as a win unless it exceeds the observed A/A spread.
SUMMARY_END
